// Jest Snapshot v1, https://goo.gl/fbAQLP

exports[`macros 1. macros: 1. macros 1`] = `

import theme from '../theme.macro';

\`\${theme.foo}\` // Simple member access
\`\${theme.foo.bar}\` // Nested member access
\`\${theme.foo[8] + 7}\` // Complex expression
\`\${props => theme.foo + props.bar}\` // Expression with props
\`\${theme.foo + theme.bar}\` // Expression with multiple references

      ↓ ↓ ↓ ↓ ↓ ↓

\`\${(_props) => _props.theme.foo}\` // Simple member access
\`\${(_props2) => _props2.theme.foo.bar}\` // Nested member access
\`\${(_props3) => _props3.theme.foo[8] + 7}\` // Complex expression
\`\${(_props4) => (props) => _props4.theme.foo + props.bar}\` // Expression with props
\`\${(_props5) => _props5.theme.foo + _props5.theme.bar}\`; // Expression with multiple references


`;
